out[0] in 0 is 6 -- expected value is 6
out[1] in 0 is 5 -- expected value is 14
out[2] in 0 is 35 -- expected value is 17
out[3] in 0 is 31 -- expected value is 31
out[4] in 0 is 39 -- expected value is 39
out[5] in 0 is 47 -- expected value is 47
out[6] in 0 is 55 -- expected value is 55
out[7] in 0 is 63 -- expected value is 63
out[8] in 0 is 71 -- expected value is 71
out[9] in 0 is 79 -- expected value is 79
out[0] in 1 is 2661 -- expected value is 2640
out[1] in 1 is 952 -- expected value is 760
out[2] in 1 is 41 -- expected value is 20
out[3] in 1 is 560 -- expected value is 560
out[4] in 1 is 840 -- expected value is 840
out[5] in 1 is 1120 -- expected value is 1120
out[6] in 1 is 1400 -- expected value is 1400
out[7] in 1 is 1680 -- expected value is 1680
out[8] in 1 is 1960 -- expected value is 1960
out[9] in 1 is 2240 -- expected value is 2240
out[0] in 2 is 75 -- expected value is 57
out[1] in 2 is 16 -- expected value is 25
out[2] in 2 is 113 -- expected value is 113
out[3] in 2 is 1 -- expected value is 1
out[4] in 2 is 9 -- expected value is 9
out[5] in 2 is 17 -- expected value is 17
out[6] in 2 is 25 -- expected value is 25
out[7] in 2 is 33 -- expected value is 33
out[8] in 2 is 41 -- expected value is 41
out[9] in 2 is 49 -- expected value is 49
FAIL!!!!
