
================================================================
== Vitis HLS Report for 'top'
================================================================

================================================================
== Performance Estimates
================================================================
+ Timing:
    * Summary:
    +--------+----------+----------+------------+
    |  Clock |  Target  | Estimated| Uncertainty|
    +--------+----------+----------+------------+
    |ap_clk  |  10.00 ns|  1.482 ns|     2.70 ns|
    +--------+----------+----------+------------+

+ Latency:
    * Summary:
    +---------+---------+----------+----------+-----+-----+----------+
    |  Latency (cycles) |  Latency (absolute) |  Interval | Pipeline |
    |   min   |   max   |    min   |    max   | min | max |   Type   |
    +---------+---------+----------+----------+-----+-----+----------+
    |       18|       18|  0.180 us|  0.180 us|   16|   16|  none    |
    +---------+---------+----------+----------+-----+-----+----------+

================================================================
== Utilization Estimates
================================================================
* Summary:
+---------------------+---------+------+---------+---------+-----+
|         Name        | BRAM_18K|  DSP |    FF   |   LUT   | URAM|
+---------------------+---------+------+---------+---------+-----+
|Total                |        0|     0|       12|      103|    0|
+---------------------+---------+------+---------+---------+-----+
