         0                   3                   4                  29
         1                   4                   5                  37
         2                   5                   6                  45
         3                   6                   7                  53
         4                   7                   8                  61
         5                   8                   9                  69
         6                   9                  10                  77
         7                  10                  11                  85
         8                  11                  12                  93
         9                  12                  13                 101
        10                  13                  14                 109
        11                  14                  15                 117
        12                  15                  16                 125
        13                  16                  17                 133
        14                  17                  18                 141
        15                  18                  19                 149
        16                  19                  20                 157
        17                  20                  21                 165
        18                  21                  22                 173
        19                  22                  23                 181
        20                  23                  24                 189
        21                  24                  25                 197
        22                  25                  26                 205
        23                  26                  27                 213
        24                  27                  28                 221
        25                  28                  29                 229
        26                  29                  30                 237
        27                  30                  31                 245
        28                  31                  32                 253
        29                  32                  33                 261
        30                  33                  34                 269
        31                  34                  35                 277
        32                  35                  36                 285
        33                  36                  37                 293
        34                  37                  38                 301
        35                  38                  39                 309
        36                  39                  40                 317
        37                  40                  41                 325
        38                  41                  42                 333
        39                  42                  43                 341
        40                  43                  44                 349
        41                  44                  45                 357
        42                  45                  46                 365
        43                  46                  47                 373
        44                  47                  48                 381
        45                  48                  49                 389
        46                  49                  50                 397
        47                  50                  51                 405
        48                  51                  52                 413
        49                  52                  53                 421
        50                  53                  54                 429
        51                  54                  55                 437
        52                  55                  56                 445
        53                  56                  57                 453
        54                  57                  58                 461
        55                  58                  59                 469
        56                  59                  60                 477
        57                  60                  61                 485
        58                  61                  62                 493
        59                  62                  63                 501
        60                  63                  64                 509
        61                  64                  65                 517
        62                  65                  66                 525
        63                  66                  67                 533
        64                  67                  68                 541
        65                  68                  69                 549
        66                  69                  70                 557
        67                  70                  71                 565
        68                  71                  72                 573
        69                  72                  73                 581
        70                  73                  74                 589
        71                  74                  75                 597
        72                  75                  76                 605
        73                  76                  77                 613
        74                  77                  78                 621
        75                  78                  79                 629
        76                  79                  80                 637
        77                  80                  81                 645
        78                  81                  82                 653
        79                  82                  83                 661
        80                  83                  84                 669
        81                  84                  85                 677
        82                  85                  86                 685
        83                  86                  87                 693
        84                  87                  88                 701
        85                  88                  89                 709
        86                  89                  90                 717
        87                  90                  91                 725
        88                  91                  92                 733
        89                  92                  93                 741
        90                  93                  94                 749
        91                  94                  95                 757
        92                  95                  96                 765
        93                  96                  97                 773
        94                  97                  98                 781
        95                  98                  99                 789
        96                  99                 100                 797
        97                 100                 101                 805
        98                 101                 102                 813
        99                 102                 103                 821
       100                 103                 104                 829
       101                 104                 105                 837
       102                 105                 106                 845
       103                 106                 107                 853
       104                 107                 108                 861
       105                 108                 109                 869
       106                 109                 110                 877
       107                 110                 111                 885
       108                 111                 112                 893
       109                 112                 113                 901
       110                 113                 114                 909
       111                 114                 115                 917
       112                 115                 116                 925
       113                 116                 117                 933
       114                 117                 118                 941
       115                 118                 119                 949
       116                 119                 120                 957
       117                 120                 121                 965
       118                 121                 122                 973
       119                 122                 123                 981
       120                 123                 124                 989
       121                 124                 125                 997
       122                 125                 126                1005
       123                 126                 127                1013
       124                 127                 128                1021
       125                 128                 129                1029
       126                 129                 130                1037
       127                 130                 131                1045
       128                 131                 132                1053
       129                 132                 133                1061
       130                 133                 134                1069
       131                 134                 135                1077
       132                 135                 136                1085
       133                 136                 137                1093
       134                 137                 138                1101
       135                 138                 139                1109
       136                 139                 140                1117
       137                 140                 141                1125
       138                 141                 142                1133
       139                 142                 143                1141
       140                 143                 144                1149
       141                 144                 145                1157
       142                 145                 146                1165
       143                 146                 147                1173
       144                 147                 148                1181
       145                 148                 149                1189
       146                 149                 150                1197
       147                 150                 151                1205
       148                 151                 152                1213
       149                 152                 153                1221
       150                 153                 154                1229
       151                 154                 155                1237
       152                 155                 156                1245
       153                 156                 157                1253
       154                 157                 158                1261
       155                 158                 159                1269
       156                 159                 160                1277
       157                 160                 161                1285
       158                 161                 162                1293
       159                 162                 163                1301
       160                 163                 164                1309
       161                 164                 165                1317
       162                 165                 166                1325
       163                 166                 167                1333
       164                 167                 168                1341
       165                 168                 169                1349
       166                 169                 170                1357
       167                 170                 171                1365
       168                 171                 172                1373
       169                 172                 173                1381
       170                 173                 174                1389
       171                 174                 175                1397
       172                 175                 176                1405
       173                 176                 177                1413
       174                 177                 178                1421
       175                 178                 179                1429
       176                 179                 180                1437
       177                 180                 181                1445
       178                 181                 182                1453
       179                 182                 183                1461
       180                 183                 184                1469
       181                 184                 185                1477
       182                 185                 186                1485
       183                 186                 187                1493
       184                 187                 188                1501
       185                 188                 189                1509
       186                 189                 190                1517
       187                 190                 191                1525
       188                 191                 192                1533
       189                 192                 193                1541
       190                 193                 194                1549
       191                 194                 195                1557
       192                 195                 196                1565
       193                 196                 197                1573
       194                 197                 198                1581
       195                 198                 199                1589
       196                 199                 200                1597
       197                 200                 201                1605
       198                 201                 202                1613
       199                 202                 203                1621
       200                 203                 204                1629
       201                 204                 205                1637
       202                 205                 206                1645
       203                 206                 207                1653
       204                 207                 208                1661
       205                 208                 209                1669
       206                 209                 210                1677
       207                 210                 211                1685
       208                 211                 212                1693
       209                 212                 213                1701
       210                 213                 214                1709
       211                 214                 215                1717
       212                 215                 216                1725
       213                 216                 217                1733
       214                 217                 218                1741
       215                 218                 219                1749
       216                 219                 220                1757
       217                 220                 221                1765
       218                 221                 222                1773
       219                 222                 223                1781
       220                 223                 224                1789
       221                 224                 225                1797
       222                 225                 226                1805
       223                 226                 227                1813
       224                 227                 228                1821
       225                 228                 229                1829
       226                 229                 230                1837
       227                 230                 231                1845
       228                 231                 232                1853
       229                 232                 233                1861
       230                 233                 234                1869
       231                 234                 235                1877
       232                 235                 236                1885
       233                 236                 237                1893
       234                 237                 238                1901
       235                 238                 239                1909
       236                 239                 240                1917
       237                 240                 241                1925
       238                 241                 242                1933
       239                 242                 243                1941
       240                 243                 244                1949
       241                 244                 245                1957
       242                 245                 246                1965
       243                 246                 247                1973
       244                 247                 248                1981
       245                 248                 249                1989
       246                 249                 250                1997
       247                 250                 251                2005
       248                 251                 252                2013
       249                 252                 253                2021
       250                 253                 254                2029
