Write address =  3
Write data    =  9
Write address =  4
Write data    = 16
Write address =  5
Write data    = 25
Write address =  6
Write data    = 36
Write address =  7
Write data    = 49
Write address =  8
Write data    = 64
Write address =  9
Write data    = 81
Read address =  0
Read data    =  0
Read address =  1
Read data    =  0
Read address =  2
Read data    =  0
Read address =  3
Read data    =  9
Read address =  4
Read data    = 16
Read address =  5
Read data    = 25
Read address =  6
Read data    = 36
Read address =  7
Read data    = 49
Read address =  8
Read data    = 64
Read address =  9
Read data    = 81
Files result.dat and result.golden.dat differ
Test failed  !!!
